6/8/2025, 12:00:21 am — [INFO] — Rutuja Dabhade-->GET--->entries
6/8/2025, 12:00:22 am — [INFO] — Rutuja Dabhade-->GET--->entries
6/8/2025, 12:00:22 am — [INFO] — Rutuja Dabhade-->GET--->entries
6/8/2025, 12:00:22 am — [INFO] — Rutuja Dabhade-->GET--->entries
6/8/2025, 12:00:22 am — [INFO] — Rutuja Dabhade-->GET--->entries
6/8/2025, 12:00:22 am — [INFO] — Rutuja Dabhade-->GET--->entries
6/8/2025, 12:00:25 am — [INFO] — Rutuja Dabhade-->GET--->entries
6/8/2025, 12:00:30 am — [INFO] — Rutuja Dabhade-->POST--->entries
6/8/2025, 12:00:31 am — [INFO] — Rutuja Dabhade-->GET--->entries
6/8/2025, 12:00:31 am — [INFO] — Rutuja Dabhade-->GET--->entries
6/8/2025, 12:00:31 am — [INFO] — Rutuja Dabhade-->GET--->entries
6/8/2025, 12:01:28 am — [INFO] — Rutuja Dabhade-->POST--->entries
6/8/2025, 12:01:28 am — [INFO] — Rutuja Dabhade-->GET--->entries
6/8/2025, 12:01:29 am — [INFO] — Rutuja Dabhade-->GET--->entries
6/8/2025, 12:01:29 am — [INFO] — Rutuja Dabhade-->GET--->entries
6/8/2025, 12:01:41 am — [INFO] — Rutuja Dabhade-->POST--->entries
6/8/2025, 12:01:42 am — [INFO] — Rutuja Dabhade-->GET--->entries
6/8/2025, 12:01:42 am — [INFO] — Rutuja Dabhade-->GET--->entries
6/8/2025, 12:01:43 am — [INFO] — Rutuja Dabhade-->GET--->entries
6/8/2025, 12:05:12 am — [INFO] — Rutuja Dabhade-->GET--->entries
6/8/2025, 12:05:12 am — [INFO] — Rutuja Dabhade-->GET--->entries
6/8/2025, 12:05:12 am — [INFO] — Rutuja Dabhade-->GET--->entries
6/8/2025, 12:05:12 am — [INFO] — Rutuja Dabhade-->GET--->entries
6/8/2025, 12:05:13 am — [INFO] — Rutuja Dabhade-->GET--->entries
6/8/2025, 12:05:13 am — [INFO] — Rutuja Dabhade-->GET--->entries
6/8/2025, 12:05:39 am — [INFO] — Rutuja Dabhade-->GET--->entries
6/8/2025, 12:05:40 am — [INFO] — Rutuja Dabhade-->GET--->entries
6/8/2025, 12:05:40 am — [INFO] — Rutuja Dabhade-->GET--->entries
6/8/2025, 12:05:40 am — [INFO] — Rutuja Dabhade-->GET--->entries
6/8/2025, 12:05:40 am — [INFO] — Rutuja Dabhade-->GET--->entries
6/8/2025, 12:05:40 am — [INFO] — Rutuja Dabhade-->GET--->entries
6/8/2025, 12:05:50 am — [INFO] — Rutuja Dabhade-->GET--->entries
6/8/2025, 12:05:57 am — [INFO] — Rutuja Dabhade-->GET--->entries
6/8/2025, 12:06:01 am — [INFO] — Rutuja Dabhade-->GET--->entries
6/8/2025, 12:06:09 am — [INFO] — Rutuja Dabhade-->POST--->entries
6/8/2025, 12:06:09 am — [INFO] — Rutuja Dabhade-->GET--->entries
6/8/2025, 12:06:10 am — [INFO] — Rutuja Dabhade-->GET--->entries
6/8/2025, 12:06:10 am — [INFO] — Rutuja Dabhade-->GET--->entries
6/8/2025, 12:14:42 am — [INFO] — Rutuja Dabhade-->GET--->customers
6/8/2025, 12:14:42 am — [INFO] — Rutuja Dabhade-->GET--->customers
6/8/2025, 12:15:08 am — [INFO] — Rutuja Dabhade-->GET--->entries
6/8/2025, 12:15:08 am — [INFO] — Rutuja Dabhade-->GET--->entries
6/8/2025, 12:15:08 am — [INFO] — Rutuja Dabhade-->GET--->entries
6/8/2025, 12:15:09 am — [INFO] — Rutuja Dabhade-->GET--->entries
6/8/2025, 12:17:54 am — [INFO] — Rutuja Dabhade-->GET--->customers
6/8/2025, 12:17:54 am — [INFO] — Rutuja Dabhade-->GET--->customers
6/8/2025, 12:19:28 am — [INFO] — Rutuja Dabhade-->GET--->customers
6/8/2025, 12:19:29 am — [INFO] — Rutuja Dabhade-->GET--->customers
6/8/2025, 12:19:35 am — [INFO] — Rutuja Dabhade-->GET--->entries
6/8/2025, 12:19:35 am — [INFO] — Rutuja Dabhade-->GET--->entries
6/8/2025, 12:19:35 am — [INFO] — Rutuja Dabhade-->GET--->entries
6/8/2025, 12:19:35 am — [INFO] — Rutuja Dabhade-->GET--->entries
6/8/2025, 12:19:36 am — [INFO] — Rutuja Dabhade-->GET--->entries
6/8/2025, 12:19:36 am — [INFO] — Rutuja Dabhade-->GET--->entries
6/8/2025, 12:19:39 am — [INFO] — Rutuja Dabhade-->GET--->entries
6/8/2025, 12:19:41 am — [INFO] — Rutuja Dabhade-->GET--->entries
6/8/2025, 12:19:46 am — [INFO] — Rutuja Dabhade-->POST--->entries
6/8/2025, 12:19:47 am — [INFO] — Rutuja Dabhade-->GET--->entries
6/8/2025, 12:19:47 am — [INFO] — Rutuja Dabhade-->GET--->entries
6/8/2025, 12:19:48 am — [INFO] — Rutuja Dabhade-->GET--->entries
6/8/2025, 12:32:48 am — [INFO] — Rutuja Dabhade-->GET--->entries
6/8/2025, 12:32:48 am — [INFO] — Rutuja Dabhade-->GET--->entries
6/8/2025, 12:32:48 am — [INFO] — Rutuja Dabhade-->GET--->entries
6/8/2025, 12:32:48 am — [INFO] — Rutuja Dabhade-->GET--->entries
6/8/2025, 12:32:48 am — [INFO] — Rutuja Dabhade-->GET--->entries
6/8/2025, 12:32:48 am — [INFO] — Rutuja Dabhade-->GET--->entries
6/8/2025, 12:39:21 am — [INFO] — Rutuja Dabhade-->GET--->bills
6/8/2025, 12:39:21 am — [INFO] — Rutuja Dabhade-->GET--->bills
6/8/2025, 12:39:21 am — [INFO] — Rutuja Dabhade-->GET--->entries
6/8/2025, 12:39:21 am — [INFO] — Rutuja Dabhade-->GET--->milkrates
6/8/2025, 12:39:22 am — [INFO] — Rutuja Dabhade-->GET--->entries
6/8/2025, 12:39:22 am — [INFO] — Rutuja Dabhade-->GET--->milkrates
6/8/2025, 12:39:29 am — [INFO] — Rutuja Dabhade-->GET--->bills
6/8/2025, 12:39:29 am — [INFO] — Rutuja Dabhade-->GET--->entries
6/8/2025, 12:39:29 am — [INFO] — Rutuja Dabhade-->GET--->milkrates
6/8/2025, 12:39:33 am — [INFO] — Rutuja Dabhade-->POST--->bills
6/8/2025, 12:46:05 am — [INFO] — Rutuja Dabhade-->GET--->payments
6/8/2025, 12:46:05 am — [INFO] — Rutuja Dabhade-->GET--->payments
6/8/2025, 12:46:05 am — [INFO] — Rutuja Dabhade-->GET--->entries
6/8/2025, 12:46:05 am — [INFO] — Rutuja Dabhade-->GET--->milkrates
6/8/2025, 12:46:05 am — [INFO] — Rutuja Dabhade-->GET--->milkrates
6/8/2025, 12:46:05 am — [INFO] — Rutuja Dabhade-->GET--->entries
6/8/2025, 12:46:11 am — [INFO] — Rutuja Dabhade-->GET--->payments
6/8/2025, 12:46:11 am — [INFO] — Rutuja Dabhade-->GET--->entries
6/8/2025, 12:46:11 am — [INFO] — Rutuja Dabhade-->GET--->milkrates
6/8/2025, 12:46:15 am — [INFO] — Rutuja Dabhade-->GET--->payments
6/8/2025, 12:46:15 am — [INFO] — Rutuja Dabhade-->GET--->entries
6/8/2025, 12:46:15 am — [INFO] — Rutuja Dabhade-->GET--->milkrates
6/8/2025, 12:46:37 am — [INFO] — Rutuja Dabhade-->PUT--->payments
6/8/2025, 12:47:03 am — [INFO] — Rutuja Dabhade-->GET--->payments
6/8/2025, 12:47:18 am — [INFO] — Rutuja Dabhade-->GET--->entries
6/8/2025, 12:47:18 am — [INFO] — Rutuja Dabhade-->GET--->entries
6/8/2025, 12:47:18 am — [INFO] — Rutuja Dabhade-->GET--->entries
6/8/2025, 12:47:18 am — [INFO] — Rutuja Dabhade-->GET--->entries
6/8/2025, 12:47:18 am — [INFO] — Rutuja Dabhade-->GET--->entries
6/8/2025, 12:47:18 am — [INFO] — Rutuja Dabhade-->GET--->entries
6/8/2025, 12:47:24 am — [INFO] — Rutuja Dabhade-->GET--->bills
6/8/2025, 12:47:24 am — [INFO] — Rutuja Dabhade-->GET--->entries
6/8/2025, 12:47:24 am — [INFO] — Rutuja Dabhade-->GET--->milkrates
6/8/2025, 12:47:24 am — [INFO] — Rutuja Dabhade-->GET--->bills
6/8/2025, 12:47:24 am — [INFO] — Rutuja Dabhade-->GET--->milkrates
6/8/2025, 12:47:24 am — [INFO] — Rutuja Dabhade-->GET--->entries
6/8/2025, 12:47:28 am — [INFO] — Rutuja Dabhade-->GET--->entries
6/8/2025, 12:47:28 am — [INFO] — Rutuja Dabhade-->GET--->entries
6/8/2025, 12:47:28 am — [INFO] — Rutuja Dabhade-->GET--->entries
6/8/2025, 12:47:28 am — [INFO] — Rutuja Dabhade-->GET--->milkrates
6/8/2025, 12:47:28 am — [INFO] — Rutuja Dabhade-->GET--->entries
6/8/2025, 12:47:28 am — [INFO] — Rutuja Dabhade-->GET--->milkrates
6/8/2025, 12:47:39 am — [INFO] — Rutuja Dabhade-->GET--->payments
6/8/2025, 12:47:39 am — [INFO] — Rutuja Dabhade-->GET--->payments
6/8/2025, 12:47:39 am — [INFO] — Rutuja Dabhade-->GET--->entries
6/8/2025, 12:47:39 am — [INFO] — Rutuja Dabhade-->GET--->milkrates
6/8/2025, 12:47:39 am — [INFO] — Rutuja Dabhade-->GET--->entries
6/8/2025, 12:47:39 am — [INFO] — Rutuja Dabhade-->GET--->milkrates
6/8/2025, 12:48:18 am — [INFO] — Rutuja Dabhade-->GET--->milkrates
6/8/2025, 12:48:18 am — [INFO] — Rutuja Dabhade-->GET--->milkrates
6/8/2025, 12:48:39 am — [INFO] — Rutuja Dabhade-->GET--->milkrates
6/8/2025, 12:48:39 am — [INFO] — Rutuja Dabhade-->GET--->milkrates
6/8/2025, 12:49:06 am — [INFO] — Rutuja Dabhade-->GET--->bills
6/8/2025, 12:49:06 am — [INFO] — Rutuja Dabhade-->GET--->bills
6/8/2025, 12:49:06 am — [INFO] — Rutuja Dabhade-->GET--->entries
6/8/2025, 12:49:06 am — [INFO] — Rutuja Dabhade-->GET--->milkrates
6/8/2025, 12:49:06 am — [INFO] — Rutuja Dabhade-->GET--->entries
6/8/2025, 12:49:06 am — [INFO] — Rutuja Dabhade-->GET--->milkrates
6/8/2025, 12:49:13 am — [INFO] — Rutuja Dabhade-->GET--->bills
6/8/2025, 12:49:13 am — [INFO] — Rutuja Dabhade-->GET--->entries
6/8/2025, 12:49:13 am — [INFO] — Rutuja Dabhade-->GET--->milkrates
6/8/2025, 12:49:13 am — [INFO] — Rutuja Dabhade-->GET--->bills
6/8/2025, 12:49:13 am — [INFO] — Rutuja Dabhade-->GET--->entries
6/8/2025, 12:49:13 am — [INFO] — Rutuja Dabhade-->GET--->milkrates
6/8/2025, 12:49:28 am — [INFO] — Rutuja Dabhade-->GET--->roles
6/8/2025, 12:49:28 am — [INFO] — Rutuja Dabhade-->GET--->roles
6/8/2025, 12:49:36 am — [INFO] — Rutuja Dabhade-->GET--->customers
6/8/2025, 12:49:37 am — [INFO] — Rutuja Dabhade-->GET--->customers
6/8/2025, 12:49:43 am — [INFO] — Rutuja Dabhade-->GET--->roles
6/8/2025, 12:49:43 am — [INFO] — Rutuja Dabhade-->GET--->roles
6/8/2025, 12:49:48 am — [INFO] — Rutuja Dabhade-->GET--->milkrates
6/8/2025, 12:49:48 am — [INFO] — Rutuja Dabhade-->GET--->milkrates
6/8/2025, 12:50:00 am — [INFO] — Rutuja Dabhade-->GET--->payments
6/8/2025, 12:50:00 am — [INFO] — Rutuja Dabhade-->GET--->entries
6/8/2025, 12:50:00 am — [INFO] — Rutuja Dabhade-->GET--->milkrates
6/8/2025, 12:50:00 am — [INFO] — Rutuja Dabhade-->GET--->payments
6/8/2025, 12:50:00 am — [INFO] — Rutuja Dabhade-->GET--->milkrates
6/8/2025, 12:50:00 am — [INFO] — Rutuja Dabhade-->GET--->entries
6/8/2025, 12:51:15 am — [INFO] — Rutuja Dabhade-->GET--->entries
6/8/2025, 12:51:15 am — [INFO] — Rutuja Dabhade-->GET--->entries
6/8/2025, 12:51:15 am — [INFO] — Rutuja Dabhade-->GET--->milkrates
6/8/2025, 12:51:15 am — [INFO] — Rutuja Dabhade-->GET--->entries
6/8/2025, 12:51:15 am — [INFO] — Rutuja Dabhade-->GET--->milkrates
6/8/2025, 12:51:15 am — [INFO] — Rutuja Dabhade-->GET--->entries
6/8/2025, 12:51:25 am — [INFO] — Rutuja Dabhade-->GET--->roles
6/8/2025, 12:51:25 am — [INFO] — Rutuja Dabhade-->GET--->roles
6/8/2025, 12:51:34 am — [INFO] — Rutuja Dabhade-->GET--->payments
6/8/2025, 12:51:34 am — [INFO] — Rutuja Dabhade-->GET--->entries
6/8/2025, 12:51:34 am — [INFO] — Rutuja Dabhade-->GET--->milkrates
6/8/2025, 12:51:34 am — [INFO] — Rutuja Dabhade-->GET--->payments
6/8/2025, 12:51:34 am — [INFO] — Rutuja Dabhade-->GET--->entries
6/8/2025, 12:51:34 am — [INFO] — Rutuja Dabhade-->GET--->milkrates
6/8/2025, 12:51:42 am — [INFO] — Rutuja Dabhade-->GET--->payments
6/8/2025, 12:51:42 am — [INFO] — Rutuja Dabhade-->GET--->entries
6/8/2025, 12:51:42 am — [INFO] — Rutuja Dabhade-->GET--->milkrates
6/8/2025, 12:52:00 am — [INFO] — Rutuja Dabhade-->POST--->payments
6/8/2025, 12:52:01 am — [INFO] — Rutuja Dabhade-->GET--->payments
6/8/2025, 12:52:01 am — [INFO] — Rutuja Dabhade-->GET--->entries
6/8/2025, 12:52:01 am — [INFO] — Rutuja Dabhade-->GET--->milkrates
6/8/2025, 12:52:17 am — [INFO] — Rutuja Dabhade-->PUT--->payments
